// Jest Snapshot v1, https://goo.gl/fbAQLP

exports[`home page matches snapshot 1`] = `
<div
  style={
    Object {
      "minHeight": "100vh",
    }
  }
>
  <div
    className="header"
  >
    <img
      className="ui image"
      src="/img/rio-logo.svg"
      style={
        Object {
          "width": 150,
        }
      }
    />
    <div
      className="spacer"
    />
    <a
      className="link"
      href="undefined/"
    >
      Home
    </a>
    <a
      className="link"
      href="undefined/about"
    >
      About
    </a>
    <a
      className="link"
      href="undefined/people"
    >
      People
    </a>
    <a
      className="link"
      href="undefined/research"
    >
      Research
    </a>
    <a
      className="link"
      href="undefined/press"
    >
      Press
    </a>
    <a
      className="link"
      href="undefined/iconography"
    >
      Iconography
    </a>
    <a
      className="link"
      href="undefined/map"
    >
      Map
    </a>
    <a
      className="link active"
      href="/"
    >
      Narratives
    </a>
    <a
      className="link"
      href="/projects"
    >
      Login
    </a>
  </div>
  <section
    style={
      Object {
        "backgroundColor": "rgb(247, 249, 252)",
        "padding": "50px 0px",
      }
    }
  >
    <div
      className="ui container"
    >
      <h1
        className="ui header"
      >
        Narratives
      </h1>
      <p>
        Lorem ipsum dolor sit amet, consectetur adipiscing elit. Duis gravida, magna ac luctus fringilla, neque purus vulputate nunc, accumsan iaculis quam orci sed ante. Aenean rhoncus metus at dolor finibus lacinia. Cras iaculis orci ligula, in tempor mi malesuada eget. Vivamus quis sollicitudin justo. In auctor purus mauris, ut volutpat mauris dictum at. Nam ultrices turpis a dolor accumsan, at tempus ipsum vulputate. Morbi tempor in ex id mollis. Etiam sem turpis, interdum sit amet ultrices ut, consectetur vitae urna.
      </p>
      <p>
        Aenean quis ex vitae purus vestibulum malesuada vitae et diam. Nunc eget mattis metus. Aliquam ut mauris pretium, venenatis mi sed, molestie ex. Fusce viverra auctor dui sit amet convallis. Aliquam molestie fringilla orci, ut gravida libero hendrerit mattis. Pellentesque faucibus libero nulla, vel scelerisque mi malesuada at. Etiam ac mattis purus. Fusce augue metus, suscipit id orci et, luctus consequat neque. Aliquam condimentum enim aliquam euismod porta.
      </p>
    </div>
  </section>
  <div
    className="ui container"
    style={
      Object {
        "marginBottom": 30,
        "marginTop": 30,
      }
    }
  >
    <h1
      className="ui header"
      style={
        Object {
          "margin": "50px 0",
        }
      }
    >
      Map Gallery
    </h1>
    <p>
      Error :(
    </p>
    <img
      className="ui image"
      src="img/hrc-logo.png"
      style={
        Object {
          "margin": "50px 0",
        }
      }
    />
  </div>
</div>
`;
